../Drivers/STM32F4xx_HAL_Driver/Inc/stm32f4xx_ll_tim.h:1116:22:LL_TIM_EnableCounter	16	static
../Drivers/STM32F4xx_HAL_Driver/Inc/stm32f4xx_ll_tim.h:1369:22:LL_TIM_SetCounter	16	static
../Drivers/STM32F4xx_HAL_Driver/Inc/stm32f4xx_ll_tim.h:1382:26:LL_TIM_GetCounter	16	static
../Drivers/STM32F4xx_HAL_Driver/Inc/stm32f4xx_ll_tim.h:3185:22:LL_TIM_ClearFlag_UPDATE	16	static
../Drivers/STM32F4xx_HAL_Driver/Inc/stm32f4xx_ll_tim.h:3460:22:LL_TIM_EnableIT_UPDATE	16	static
../Drivers/STM32F4xx_HAL_Driver/Inc/stm32f4xx_ll_tim.h:3969:22:LL_TIM_GenerateEvent_UPDATE	16	static
../App/Src/PulseCountVelocity_static.c:40:6:PCVs_Start	8	static
../App/Src/PulseCountVelocity_static.c:48:20:MF_LUT_INIT	16	static
../App/Src/PulseCountVelocity_static.c:56:20:PCVs_EncoderTimer_Start	8	static
../App/Src/PulseCountVelocity_static.c:62:20:PCVs_MeasFrameTimer_Start	8	static
../App/Src/PulseCountVelocity_static.c:73:9:PCVs_CalculateVelocity	8	static
../App/Src/PulseCountVelocity_static.c:90:9:PCVs_CalculateVelocity1	16	static
