Archive member included to satisfy reference by file (symbol)

X:/STM32CubeIDE_1.19.0/STM32CubeIDE/plugins/com.st.stm32cube.ide.mcu.externaltools.gnu-tools-for-stm32.13.3.rel1.win32_1.0.0.202411081344/tools/bin/../lib/gcc/arm-none-eabi/13.3.1/../../../../arm-none-eabi/lib/thumb/v7e-m+fp/hard\libc_nano.a(libc_a-exit.o)
                              X:/STM32CubeIDE_1.19.0/STM32CubeIDE/plugins/com.st.stm32cube.ide.mcu.externaltools.gnu-tools-for-stm32.13.3.rel1.win32_1.0.0.202411081344/tools/bin/../lib/gcc/arm-none-eabi/13.3.1/../../../../arm-none-eabi/lib/thumb/v7e-m+fp/hard/crt0.o (exit)
X:/STM32CubeIDE_1.19.0/STM32CubeIDE/plugins/com.st.stm32cube.ide.mcu.externaltools.gnu-tools-for-stm32.13.3.rel1.win32_1.0.0.202411081344/tools/bin/../lib/gcc/arm-none-eabi/13.3.1/../../../../arm-none-eabi/lib/thumb/v7e-m+fp/hard\libc_nano.a(libc_a-findfp.o)
                              X:/STM32CubeIDE_1.19.0/STM32CubeIDE/plugins/com.st.stm32cube.ide.mcu.externaltools.gnu-tools-for-stm32.13.3.rel1.win32_1.0.0.202411081344/tools/bin/../lib/gcc/arm-none-eabi/13.3.1/../../../../arm-none-eabi/lib/thumb/v7e-m+fp/hard\libc_nano.a(libc_a-exit.o) (__stdio_exit_handler)
X:/STM32CubeIDE_1.19.0/STM32CubeIDE/plugins/com.st.stm32cube.ide.mcu.externaltools.gnu-tools-for-stm32.13.3.rel1.win32_1.0.0.202411081344/tools/bin/../lib/gcc/arm-none-eabi/13.3.1/../../../../arm-none-eabi/lib/thumb/v7e-m+fp/hard\libc_nano.a(libc_a-fwalk.o)
                              X:/STM32CubeIDE_1.19.0/STM32CubeIDE/plugins/com.st.stm32cube.ide.mcu.externaltools.gnu-tools-for-stm32.13.3.rel1.win32_1.0.0.202411081344/tools/bin/../lib/gcc/arm-none-eabi/13.3.1/../../../../arm-none-eabi/lib/thumb/v7e-m+fp/hard\libc_nano.a(libc_a-findfp.o) (_fwalk_sglue)
X:/STM32CubeIDE_1.19.0/STM32CubeIDE/plugins/com.st.stm32cube.ide.mcu.externaltools.gnu-tools-for-stm32.13.3.rel1.win32_1.0.0.202411081344/tools/bin/../lib/gcc/arm-none-eabi/13.3.1/../../../../arm-none-eabi/lib/thumb/v7e-m+fp/hard\libc_nano.a(libc_a-stdio.o)
                              X:/STM32CubeIDE_1.19.0/STM32CubeIDE/plugins/com.st.stm32cube.ide.mcu.externaltools.gnu-tools-for-stm32.13.3.rel1.win32_1.0.0.202411081344/tools/bin/../lib/gcc/arm-none-eabi/13.3.1/../../../../arm-none-eabi/lib/thumb/v7e-m+fp/hard\libc_nano.a(libc_a-findfp.o) (__sread)
X:/STM32CubeIDE_1.19.0/STM32CubeIDE/plugins/com.st.stm32cube.ide.mcu.externaltools.gnu-tools-for-stm32.13.3.rel1.win32_1.0.0.202411081344/tools/bin/../lib/gcc/arm-none-eabi/13.3.1/../../../../arm-none-eabi/lib/thumb/v7e-m+fp/hard\libc_nano.a(libc_a-memset.o)
                              X:/STM32CubeIDE_1.19.0/STM32CubeIDE/plugins/com.st.stm32cube.ide.mcu.externaltools.gnu-tools-for-stm32.13.3.rel1.win32_1.0.0.202411081344/tools/bin/../lib/gcc/arm-none-eabi/13.3.1/../../../../arm-none-eabi/lib/thumb/v7e-m+fp/hard/crt0.o (memset)
X:/STM32CubeIDE_1.19.0/STM32CubeIDE/plugins/com.st.stm32cube.ide.mcu.externaltools.gnu-tools-for-stm32.13.3.rel1.win32_1.0.0.202411081344/tools/bin/../lib/gcc/arm-none-eabi/13.3.1/../../../../arm-none-eabi/lib/thumb/v7e-m+fp/hard\libc_nano.a(libc_a-closer.o)
                              X:/STM32CubeIDE_1.19.0/STM32CubeIDE/plugins/com.st.stm32cube.ide.mcu.externaltools.gnu-tools-for-stm32.13.3.rel1.win32_1.0.0.202411081344/tools/bin/../lib/gcc/arm-none-eabi/13.3.1/../../../../arm-none-eabi/lib/thumb/v7e-m+fp/hard\libc_nano.a(libc_a-stdio.o) (_close_r)
X:/STM32CubeIDE_1.19.0/STM32CubeIDE/plugins/com.st.stm32cube.ide.mcu.externaltools.gnu-tools-for-stm32.13.3.rel1.win32_1.0.0.202411081344/tools/bin/../lib/gcc/arm-none-eabi/13.3.1/../../../../arm-none-eabi/lib/thumb/v7e-m+fp/hard\libc_nano.a(libc_a-reent.o)
                              X:/STM32CubeIDE_1.19.0/STM32CubeIDE/plugins/com.st.stm32cube.ide.mcu.externaltools.gnu-tools-for-stm32.13.3.rel1.win32_1.0.0.202411081344/tools/bin/../lib/gcc/arm-none-eabi/13.3.1/../../../../arm-none-eabi/lib/thumb/v7e-m+fp/hard\libc_nano.a(libc_a-closer.o) (errno)
X:/STM32CubeIDE_1.19.0/STM32CubeIDE/plugins/com.st.stm32cube.ide.mcu.externaltools.gnu-tools-for-stm32.13.3.rel1.win32_1.0.0.202411081344/tools/bin/../lib/gcc/arm-none-eabi/13.3.1/../../../../arm-none-eabi/lib/thumb/v7e-m+fp/hard\libc_nano.a(libc_a-impure.o)
                              X:/STM32CubeIDE_1.19.0/STM32CubeIDE/plugins/com.st.stm32cube.ide.mcu.externaltools.gnu-tools-for-stm32.13.3.rel1.win32_1.0.0.202411081344/tools/bin/../lib/gcc/arm-none-eabi/13.3.1/../../../../arm-none-eabi/lib/thumb/v7e-m+fp/hard\libc_nano.a(libc_a-reent.o) (_impure_ptr)
X:/STM32CubeIDE_1.19.0/STM32CubeIDE/plugins/com.st.stm32cube.ide.mcu.externaltools.gnu-tools-for-stm32.13.3.rel1.win32_1.0.0.202411081344/tools/bin/../lib/gcc/arm-none-eabi/13.3.1/../../../../arm-none-eabi/lib/thumb/v7e-m+fp/hard\libc_nano.a(libc_a-lseekr.o)
[...]
Memory Configuration

Name             Origin             Length             Attributes
CCMRAM           0x10000000         0x00010000         xrw
RAM              0x20000000         0x00030000         xrw
FLASH            0x08000000         0x00200000         xr
*default*        0x00000000         0xffffffff

Linker script and memory map

LOAD X:/STM32CubeIDE_1.19.0/STM32CubeIDE/plugins/com.st.stm32cube.ide.mcu.externaltools.gnu-tools-for-stm32.13.3.rel1.win32_1.0.0.202411081344/tools/bin/../lib/gcc/arm-none-eabi/13.3.1/thumb/v7e-m+fp/hard/crti.o
LOAD X:/STM32CubeIDE_1.19.0/STM32CubeIDE/plugins/com.st.stm32cube.ide.mcu.externaltools.gnu-tools-for-stm32.13.3.rel1.win32_1.0.0.202411081344/tools/bin/../lib/gcc/arm-none-eabi/13.3.1/thumb/v7e-m+fp/hard/crtbegin.o
LOAD X:/STM32CubeIDE_1.19.0/STM32CubeIDE/plugins/com.st.stm32cube.ide.mcu.externaltools.gnu-tools-for-stm32.13.3.rel1.win32_1.0.0.202411081344/tools/bin/../lib/gcc/arm-none-eabi/13.3.1/../../../../arm-none-eabi/lib/thumb/v7e-m+fp/hard/crt0.o
LOAD ./App/Src/Algorithm_profiler.o
LOAD ./App/Src/Ease_of_life.o
LOAD ./App/Src/HybridVelocity.o
LOAD ./App/Src/PulseCountVelocity_object.o
LOAD ./App/Src/PulseCountVelocity_static.o
LOAD ./App/Src/TimeIntervalVelocity_static.o
LOAD ./Core/Src/gpio.o
LOAD ./Core/Src/main.o
LOAD ./Core/Src/stm32f4xx_hal_msp.o
LOAD ./Core/Src/stm32f4xx_it.o
LOAD ./Core/Src/syscalls.o
LOAD ./Core/Src/sysmem.o
LOAD ./Core/Src/system_stm32f4xx.o
LOAD ./Core/Src/tim.o
LOAD ./Core/Startup/startup_stm32f439zitx.o
LOAD ./Drivers/STM32F4xx_HAL_Driver/Src/stm32f4xx_hal.o
LOAD ./Drivers/STM32F4xx_HAL_Driver/Src/stm32f4xx_hal_cortex.o
LOAD ./Drivers/STM32F4xx_HAL_Driver/Src/stm32f4xx_hal_dma.o
LOAD ./Drivers/STM32F4xx_HAL_Driver/Src/stm32f4xx_hal_dma_ex.o
LOAD ./Drivers/STM32F4xx_HAL_Driver/Src/stm32f4xx_hal_exti.o
LOAD ./Drivers/STM32F4xx_HAL_Driver/Src/stm32f4xx_hal_flash.o
LOAD ./Drivers/STM32F4xx_HAL_Driver/Src/stm32f4xx_hal_flash_ex.o
LOAD ./Drivers/STM32F4xx_HAL_Driver/Src/stm32f4xx_hal_flash_ramfunc.o
LOAD ./Drivers/STM32F4xx_HAL_Driver/Src/stm32f4xx_hal_gpio.o
LOAD ./Drivers/STM32F4xx_HAL_Driver/Src/stm32f4xx_hal_pwr.o
LOAD ./Drivers/STM32F4xx_HAL_Driver/Src/stm32f4xx_hal_pwr_ex.o
LOAD ./Drivers/STM32F4xx_HAL_Driver/Src/stm32f4xx_hal_rcc.o
LOAD ./Drivers/STM32F4xx_HAL_Driver/Src/stm32f4xx_hal_rcc_ex.o
LOAD ./Drivers/STM32F4xx_HAL_Driver/Src/stm32f4xx_hal_tim.o
LOAD ./Drivers/STM32F4xx_HAL_Driver/Src/stm32f4xx_hal_tim_ex.o
LOAD ./Drivers/STM32F4xx_HAL_Driver/Src/stm32f4xx_ll_dma.o
LOAD ./Drivers/STM32F4xx_HAL_Driver/Src/stm32f4xx_ll_exti.o
LOAD ./Drivers/STM32F4xx_HAL_Driver/Src/stm32f4xx_ll_gpio.o
LOAD ./Drivers/STM32F4xx_HAL_Driver/Src/stm32f4xx_ll_rcc.o
LOAD ./Drivers/STM32F4xx_HAL_Driver/Src/stm32f4xx_ll_tim.o
LOAD ./Drivers/STM32F4xx_HAL_Driver/Src/stm32f4xx_ll_utils.o
START GROUP
LOAD X:/STM32CubeIDE_1.19.0/STM32CubeIDE/plugins/com.st.stm32cube.ide.mcu.externaltools.gnu-tools-for-stm32.13.3.rel1.win32_1.0.0.202411081344/tools/bin/../lib/gcc/arm-none-eabi/13.3.1/../../../../arm-none-eabi/lib/thumb/v7e-m+fp/hard\libc_nano.a
LOAD X:/STM32CubeIDE_1.19.0/STM32CubeIDE/plugins/com.st.stm32cube.ide.mcu.externaltools.gnu-tools-for-stm32.13.3.rel1.win32_1.0.0.202411081344/tools/bin/../lib/gcc/arm-none-eabi/13.3.1/../../../../arm-none-eabi/lib/thumb/v7e-m+fp/hard\libm.a
END GROUP
START GROUP
LOAD X:/STM32CubeIDE_1.19.0/STM32CubeIDE/plugins/com.st.stm32cube.ide.mcu.externaltools.gnu-tools-for-stm32.13.3.rel1.win32_1.0.0.202411081344/tools/bin/../lib/gcc/arm-none-eabi/13.3.1/thumb/v7e-m+fp/hard\libgcc.a
LOAD X:/STM32CubeIDE_1.19.0/STM32CubeIDE/plugins/com.st.stm32cube.ide.mcu.externaltools.gnu-tools-for-stm32.13.3.rel1.win32_1.0.0.202411081344/tools/bin/../lib/gcc/arm-none-eabi/13.3.1/../../../../arm-none-eabi/lib/thumb/v7e-m+fp/hard\libc_nano.a
END GROUP
START GROUP
LOAD X:/STM32CubeIDE_1.19.0/STM32CubeIDE/plugins/com.st.stm32cube.ide.mcu.externaltools.gnu-tools-for-stm32.13.3.rel1.win32_1.0.0.202411081344/tools/bin/../lib/gcc/arm-none-eabi/13.3.1/thumb/v7e-m+fp/hard\libgcc.a
LOAD X:/STM32CubeIDE_1.19.0/STM32CubeIDE/plugins/com.st.stm32cube.ide.mcu.externaltools.gnu-tools-for-stm32.13.3.rel1.win32_1.0.0.202411081344/tools/bin/../lib/gcc/arm-none-eabi/13.3.1/../../../../arm-none-eabi/lib/thumb/v7e-m+fp/hard\libc_nano.a
LOAD X:/STM32CubeIDE_1.19.0/STM32CubeIDE/plugins/com.st.stm32cube.ide.mcu.externaltools.gnu-tools-for-stm32.13.3.rel1.win32_1.0.0.202411081344/tools/bin/../lib/gcc/arm-none-eabi/13.3.1/../../../../arm-none-eabi/lib/thumb/v7e-m+fp/hard\libnosys.a
END GROUP
START GROUP
LOAD X:/STM32CubeIDE_1.19.0/STM32CubeIDE/plugins/com.st.stm32cube.ide.mcu.externaltools.gnu-tools-for-stm32.13.3.rel1.win32_1.0.0.202411081344/tools/bin/../lib/gcc/arm-none-eabi/13.3.1/thumb/v7e-m+fp/hard\libgcc.a
LOAD X:/STM32CubeIDE_1.19.0/STM32CubeIDE/plugins/com.st.stm32cube.ide.mcu.externaltools.gnu-tools-for-stm32.13.3.rel1.win32_1.0.0.202411081344/tools/bin/../lib/gcc/arm-none-eabi/13.3.1/../../../../arm-none-eabi/lib/thumb/v7e-m+fp/hard\libc_nano.a
LOAD X:/STM32CubeIDE_1.19.0/STM32CubeIDE/plugins/com.st.stm32cube.ide.mcu.externaltools.gnu-tools-for-stm32.13.3.rel1.win32_1.0.0.202411081344/tools/bin/../lib/gcc/arm-none-eabi/13.3.1/../../../../arm-none-eabi/lib/thumb/v7e-m+fp/hard\libnosys.a
END GROUP
LOAD X:/STM32CubeIDE_1.19.0/STM32CubeIDE/plugins/com.st.stm32cube.ide.mcu.externaltools.gnu-tools-for-stm32.13.3.rel1.win32_1.0.0.202411081344/tools/bin/../lib/gcc/arm-none-eabi/13.3.1/thumb/v7e-m+fp/hard/crtend.o
LOAD X:/STM32CubeIDE_1.19.0/STM32CubeIDE/plugins/com.st.stm32cube.ide.mcu.externaltools.gnu-tools-for-stm32.13.3.rel1.win32_1.0.0.202411081344/tools/bin/../lib/gcc/arm-none-eabi/13.3.1/thumb/v7e-m+fp/hard/crtn.o
                0x20030000                        _estack = (ORIGIN (RAM) + LENGTH (RAM))
                0x00000200                        _Min_Heap_Size = 0x200
                0x00000400                        _Min_Stack_Size = 0x400

.isr_vector     0x08000000      0x1ac
                0x08000000                        . = ALIGN (0x4)
 *(.isr_vector)
 .isr_vector    0x08000000      0x1ac ./Core/Startup/startup_stm32f439zitx.o
                0x08000000                g_pfnVectors
                0x080001ac                        . = ALIGN (0x4)

.text           0x080001ac     0x2d48
                0x080001ac                        . = ALIGN (0x4)
 *(.text)
 .text          0x080001ac       0x40 X:/STM32CubeIDE_1.19.0/STM32CubeIDE/plugins/com.st.stm32cube.ide.mcu.externaltools.gnu-tools-for-stm32.13.3.rel1.win32_1.0.0.202411081344/tools/bin/../lib/gcc/arm-none-eabi/13.3.1/thumb/v7e-m+fp/hard/crtbegin.o
 *(.text*)
 .text.LL_TIM_EnableIT_CC1
                0x080001ec       0x20 ./App/Src/Ease_of_life.o
 .text.LL_TIM_EnableIT_CC2
                0x0800020c       0x20 ./App/Src/Ease_of_life.o
 .text.LL_TIM_EnableIT_CC3
                0x0800022c       0x20 ./App/Src/Ease_of_life.o
 .text.LL_TIM_EnableIT_CC4
                0x0800024c       0x20 ./App/Src/Ease_of_life.o
 .text.LL_TIM_EnableIT_CC
                0x0800026c       0x46 ./App/Src/Ease_of_life.o
                0x0800026c                LL_TIM_EnableIT_CC
 .text.LL_TIM_GetCounter
                0x080002b2       0x18 ./App/Src/PulseCountVelocity_static.o
 *fill*         0x080002ca        0x2 
 .text.PCVs_CalculateVelocity1
                0x080002cc       0xb4 ./App/Src/PulseCountVelocity_static.o
                0x080002cc                PCVs_CalculateVelocity1
 .text.LL_TIM_EnableCounter
                0x08000380       0x20 ./App/Src/TimeIntervalVelocity_static.o
 .text.LL_TIM_SetCounter
                0x080003a0       0x1c ./App/Src/TimeIntervalVelocity_static.o
 .text.LL_TIM_CC_EnableChannel
                0x080003bc       0x22 ./App/Src/TimeIntervalVelocity_static.o
 .text.LL_TIM_IC_GetCaptureCH1
                0x080003de       0x18 ./App/Src/TimeIntervalVelocity_static.o
 .text.LL_TIM_IC_GetCaptureCH2
                0x080003f6       0x18 ./App/Src/TimeIntervalVelocity_static.o
 .text.LL_TIM_ClearFlag_UPDATE
                0x0800040e       0x1c ./App/Src/TimeIntervalVelocity_static.o
 .text.LL_TIM_EnableIT_UPDATE
                0x0800042a       0x20 ./App/Src/TimeIntervalVelocity_static.o
 .text.LL_TIM_GenerateEvent_UPDATE
                0x0800044a       0x20 ./App/Src/TimeIntervalVelocity_static.o
 .text.LL_GPIO_GetState
                0x0800046a       0x2a ./App/Src/TimeIntervalVelocity_static.o
 .text.TIVs_Start
                0x08000494       0x6c ./App/Src/TimeIntervalVelocity_static.o
                0x08000494                TIVs_Start
 .text.TIVs_TimerOverflowISR
                0x08000500       0x40 ./App/Src/TimeIntervalVelocity_static.o
                0x08000500                TIVs_TimerOverflowISR
 .text.Are_pin_states_equal
                0x08000540       0x38 ./App/Src/TimeIntervalVelocity_static.o
 .text.TIVs_GetSign
                0x08000578       0x4e ./App/Src/TimeIntervalVelocity_static.o
 *fill*         0x080005c6        0x2 
 .text.TIVs_CalculateVelocity
                0x080005c8       0xcc ./App/Src/TimeIntervalVelocity_static.o
                0x080005c8                TIVs_CalculateVelocity
 .text.LL_AHB1_GRP1_EnableClock
                0x08000694       0x30 ./Core/Src/gpio.o
 .text.LL_SYSCFG_SetEXTISource
                0x080006c4       0x6c ./Core/Src/gpio.o
 .text.LL_GPIO_SetPinMode
                0x08000730       0x7a ./Core/Src/gpio.o
 .text.LL_GPIO_SetPinPull
                0x080007aa       0x7a ./Core/Src/gpio.o
 .text.LL_GPIO_ResetOutputPin
                0x08000824       0x1e ./Core/Src/gpio.o
 *fill*         0x08000842        0x2 
 .text.MX_GPIO_Init
                0x08000844      0x210 ./Core/Src/gpio.o
                0x08000844                MX_GPIO_Init
 .text.LL_RCC_HSE_EnableBypass
                0x08000a54       0x20 ./Core/Src/main.o
 .text.LL_RCC_HSE_Enable
                0x08000a74       0x20 ./Core/Src/main.o
 .text.LL_RCC_HSE_IsReady
                0x08000a94       0x28 ./Core/Src/main.o
 .text.LL_RCC_SetSysClkSource
                0x08000abc       0x28 ./Core/Src/main.o
 .text.LL_RCC_GetSysClkSource
                0x08000ae4       0x1c ./Core/Src/main.o
 .text.LL_RCC_SetAHBPrescaler
                0x08000b00       0x28 ./Core/Src/main.o
 .text.LL_RCC_SetAPB1Prescaler
                0x08000b28       0x28 ./Core/Src/main.o
 .text.LL_RCC_SetAPB2Prescaler
                0x08000b50       0x28 ./Core/Src/main.o
 .text.LL_RCC_SetTIMPrescaler
                0x08000b78       0x2c ./Core/Src/main.o
 .text.LL_RCC_PLL_Enable
                0x08000ba4       0x20 ./Core/Src/main.o
 .text.LL_RCC_PLL_IsReady
                0x08000bc4       0x28 ./Core/Src/main.o
 .text.LL_RCC_PLL_ConfigDomain_SYS
                0x08000bec       0x4c ./Core/Src/main.o
 .text.LL_FLASH_SetLatency
                0x08000c38       0x28 ./Core/Src/main.o
 .text.LL_FLASH_GetLatency
                0x08000c60       0x1c ./Core/Src/main.o
 .text.LL_PWR_DisableOverDriveMode
                0x08000c7c       0x20 ./Core/Src/main.o
 .text.LL_PWR_SetRegulVoltageScaling
                0x08000c9c       0x28 ./Core/Src/main.o
 .text.LL_PWR_IsActiveFlag_VOS
                0x08000cc4       0x28 ./Core/Src/main.o
 .text.LL_TIM_EnableCounter
                0x08000cec       0x20 ./Core/Src/main.o
 .text.LL_TIM_GetCounter
                0x08000d0c       0x18 ./Core/Src/main.o
 .text.LL_TIM_CC_EnableChannel
                0x08000d24       0x22 ./Core/Src/main.o
 .text.LL_TIM_ClearFlag_UPDATE
                0x08000d46       0x1c ./Core/Src/main.o
 .text.LL_TIM_GenerateEvent_UPDATE
                0x08000d62       0x20 ./Core/Src/main.o
 *fill*         0x08000d82        0x2 
 .text.main     0x08000d84       0x88 ./Core/Src/main.o
                0x08000d84                main
 .text.SystemClock_Config
                0x08000e0c       0xac ./Core/Src/main.o
                0x08000e0c                SystemClock_Config
 .text.Error_Handler
                0x08000eb8        0xc ./Core/Src/main.o
                0x08000eb8                Error_Handler
 .text.HAL_MspInit
                0x08000ec4       0x50 ./Core/Src/stm32f4xx_hal_msp.o
                0x08000ec4                HAL_MspInit
 .text.LL_TIM_ClearFlag_UPDATE
                0x08000f14       0x1c ./Core/Src/stm32f4xx_it.o
 .text.LL_TIM_IsActiveFlag_UPDATE
                0x08000f30       0x26 ./Core/Src/stm32f4xx_it.o
 .text.LL_TIM_ClearFlag_CC1
                0x08000f56       0x1c ./Core/Src/stm32f4xx_it.o
 .text.LL_TIM_IsActiveFlag_CC1
                0x08000f72       0x26 ./Core/Src/stm32f4xx_it.o
 .text.LL_TIM_ClearFlag_CC2
                0x08000f98       0x1c ./Core/Src/stm32f4xx_it.o
 .text.LL_TIM_IsActiveFlag_CC2
                0x08000fb4       0x26 ./Core/Src/stm32f4xx_it.o
 .text.LL_TIM_IsEnabledIT_UPDATE
                0x08000fda       0x26 ./Core/Src/stm32f4xx_it.o
 .text.NMI_Handler
                0x08001000        0x8 ./Core/Src/stm32f4xx_it.o
                0x08001000                NMI_Handler
 .text.HardFault_Handler
                0x08001008        0x8 ./Core/Src/stm32f4xx_it.o
                0x08001008                HardFault_Handler
 .text.MemManage_Handler
                0x08001010        0x8 ./Core/Src/stm32f4xx_it.o
                0x08001010                MemManage_Handler
 .text.BusFault_Handler
                0x08001018        0x8 ./Core/Src/stm32f4xx_it.o
                0x08001018                BusFault_Handler
 .text.UsageFault_Handler
                0x08001020        0x8 ./Core/Src/stm32f4xx_it.o
                0x08001020                UsageFault_Handler
 .text.SVC_Handler
                0x08001028        0xe ./Core/Src/stm32f4xx_it.o
                0x08001028                SVC_Handler
 .text.DebugMon_Handler
                0x08001036        0xe ./Core/Src/stm32f4xx_it.o
                0x08001036                DebugMon_Handler
 .text.PendSV_Handler
                0x08001044        0xe ./Core/Src/stm32f4xx_it.o
                0x08001044                PendSV_Handler
 .text.SysTick_Handler
                0x08001052        0xc ./Core/Src/stm32f4xx_it.o
                0x08001052                SysTick_Handler
 .text.TIM1_UP_TIM10_IRQHandler
                0x0800105e        0xe ./Core/Src/stm32f4xx_it.o
                0x0800105e                TIM1_UP_TIM10_IRQHandler
 .text.TIM4_IRQHandler
                0x0800106c       0x74 ./Core/Src/stm32f4xx_it.o
                0x0800106c                TIM4_IRQHandler
 .text.TIM6_DAC_IRQHandler
                0x080010e0       0x2c ./Core/Src/stm32f4xx_it.o
                0x080010e0                TIM6_DAC_IRQHandler
 .text.SystemInit
                0x0800110c       0x24 ./Core/Src/system_stm32f4xx.o
                0x0800110c                SystemInit
 .text.__NVIC_GetPriorityGrouping
                0x08001130       0x1c ./Core/Src/tim.o
 .text.__NVIC_EnableIRQ
                0x0800114c       0x3c ./Core/Src/tim.o
 .text.__NVIC_SetPriority
                0x08001188       0x54 ./Core/Src/tim.o
 .text.NVIC_EncodePriority
                0x080011dc       0x66 ./Core/Src/tim.o
 *fill*         0x08001242        0x2 
 .text.LL_AHB1_GRP1_EnableClock
                0x08001244       0x30 ./Core/Src/tim.o
 .text.LL_APB1_GRP1_EnableClock
                0x08001274       0x30 ./Core/Src/tim.o
 .text.LL_APB2_GRP1_EnableClock
                0x080012a4       0x30 ./Core/Src/tim.o
 .text.LL_TIM_DisableARRPreload
                0x080012d4       0x20 ./Core/Src/tim.o
 .text.LL_TIM_OC_DisableFast
                0x080012f4       0x8c ./Core/Src/tim.o
 .text.LL_TIM_OC_EnablePreload
                0x08001380       0x88 ./Core/Src/tim.o
 .text.LL_TIM_IC_SetActiveInput
                0x08001408       0x9c ./Core/Src/tim.o
 .text.LL_TIM_IC_SetPrescaler
                0x080014a4       0x9c ./Core/Src/tim.o
 .text.LL_TIM_IC_SetFilter
                0x08001540       0x9c ./Core/Src/tim.o
 .text.LL_TIM_IC_SetPolarity
                0x080015dc       0x88 ./Core/Src/tim.o
 .text.LL_TIM_SetClockSource
                0x08001664       0x2a ./Core/Src/tim.o
 .text.LL_TIM_SetEncoderMode
                0x0800168e       0x26 ./Core/Src/tim.o
 .text.LL_TIM_SetTriggerOutput
                0x080016b4       0x26 ./Core/Src/tim.o
 .text.LL_TIM_SetSlaveMode
                0x080016da       0x26 ./Core/Src/tim.o
 .text.LL_TIM_SetTriggerInput
                0x08001700       0x26 ./Core/Src/tim.o
 .text.LL_TIM_DisableMasterSlaveMode
                0x08001726       0x20 ./Core/Src/tim.o
 .text.LL_TIM_DisableIT_TRIG
                0x08001746       0x20 ./Core/Src/tim.o
 .text.LL_TIM_DisableDMAReq_TRIG
                0x08001766       0x20 ./Core/Src/tim.o
 *fill*         0x08001786        0x2 
 .text.MX_TIM1_Init
                0x08001788      0x11c ./Core/Src/tim.o
                0x08001788                MX_TIM1_Init
 .text.MX_TIM2_Init
                0x080018a4      0x110 ./Core/Src/tim.o
                0x080018a4                MX_TIM2_Init
 .text.MX_TIM3_Init
                0x080019b4       0xfc ./Core/Src/tim.o
                0x080019b4                MX_TIM3_Init
 .text.MX_TIM4_Init
                0x08001ab0      0x118 ./Core/Src/tim.o
                0x08001ab0                MX_TIM4_Init
 .text.MX_TIM6_Init
                0x08001bc8       0x74 ./Core/Src/tim.o
                0x08001bc8                MX_TIM6_Init
 .text.MX_TIM7_Init
                0x08001c3c       0x6c ./Core/Src/tim.o
                0x08001c3c                MX_TIM7_Init
 .text.HAL_TIM_Base_MspInit
                0x08001ca8       0x44 ./Core/Src/tim.o
                0x08001ca8                HAL_TIM_Base_MspInit
 .text.Reset_Handler
                0x08001cec       0x50 ./Core/Startup/startup_stm32f439zitx.o
                0x08001cec                Reset_Handler
 .text.Default_Handler
                0x08001d3c        0x2 ./Core/Startup/startup_stm32f439zitx.o
                0x08001d3c                RTC_Alarm_IRQHandler
                0x08001d3c                HASH_RNG_IRQHandler
                0x08001d3c                EXTI2_IRQHandler
                0x08001d3c                TIM8_CC_IRQHandler
                0x08001d3c                UART8_IRQHandler
                0x08001d3c                SPI4_IRQHandler
                0x08001d3c                TIM1_CC_IRQHandler
                0x08001d3c                DMA2_Stream5_IRQHandler
                0x08001d3c                DMA1_Stream5_IRQHandler
                0x08001d3c                PVD_IRQHandler
                0x08001d3c                SDIO_IRQHandler
                0x08001d3c                TAMP_STAMP_IRQHandler
                0x08001d3c                CAN2_RX1_IRQHandler
                0x08001d3c                EXTI3_IRQHandler
                0x08001d3c                TIM8_TRG_COM_TIM14_IRQHandler
                0x08001d3c                TIM8_UP_TIM13_IRQHandler
                0x08001d3c                I2C3_ER_IRQHandler
                0x08001d3c                EXTI0_IRQHandler
                0x08001d3c                I2C2_EV_IRQHandler
                0x08001d3c                DMA1_Stream2_IRQHandler
                0x08001d3c                CAN1_RX0_IRQHandler
                0x08001d3c                FPU_IRQHandler
                0x08001d3c                OTG_HS_WKUP_IRQHandler
                0x08001d3c                LTDC_ER_IRQHandler
                0x08001d3c                CAN2_SCE_IRQHandler
                0x08001d3c                DMA2_Stream2_IRQHandler
                0x08001d3c                SPI1_IRQHandler
                0x08001d3c                TIM1_BRK_TIM9_IRQHandler
                0x08001d3c                DCMI_IRQHandler
                0x08001d3c                CAN2_RX0_IRQHandler
                0x08001d3c                DMA2_Stream3_IRQHandler
                0x08001d3c                USART6_IRQHandler
                0x08001d3c                USART3_IRQHandler
                0x08001d3c                CRYP_IRQHandler
                0x08001d3c                CAN1_RX1_IRQHandler
                0x08001d3c                UART5_IRQHandler
                0x08001d3c                DMA2_Stream0_IRQHandler
                0x08001d3c                I2C1_EV_IRQHandler
                0x08001d3c                DMA1_Stream6_IRQHandler
                0x08001d3c                DMA1_Stream1_IRQHandler
                0x08001d3c                UART4_IRQHandler
                0x08001d3c                TIM3_IRQHandler
                0x08001d3c                RCC_IRQHandler
                0x08001d3c                TIM8_BRK_TIM12_IRQHandler
                0x08001d3c                Default_Handler
                0x08001d3c                EXTI15_10_IRQHandler
                0x08001d3c                ADC_IRQHandler
                0x08001d3c                DMA1_Stream7_IRQHandler
                0x08001d3c                SPI5_IRQHandler
                0x08001d3c                TIM7_IRQHandler
                0x08001d3c                CAN2_TX_IRQHandler
                0x08001d3c                TIM5_IRQHandler
                0x08001d3c                DMA2_Stream7_IRQHandler
                0x08001d3c                I2C3_EV_IRQHandler
                0x08001d3c                EXTI9_5_IRQHandler
                0x08001d3c                RTC_WKUP_IRQHandler
                0x08001d3c                LTDC_IRQHandler
                0x08001d3c                ETH_WKUP_IRQHandler
                0x08001d3c                SPI2_IRQHandler
                0x08001d3c                OTG_HS_EP1_IN_IRQHandler
                0x08001d3c                DMA1_Stream0_IRQHandler
                0x08001d3c                CAN1_TX_IRQHandler
                0x08001d3c                EXTI4_IRQHandler
                0x08001d3c                ETH_IRQHandler
                0x08001d3c                OTG_HS_EP1_OUT_IRQHandler
                0x08001d3c                WWDG_IRQHandler
                0x08001d3c                SPI6_IRQHandler
                0x08001d3c                TIM2_IRQHandler
                0x08001d3c                OTG_FS_WKUP_IRQHandler
                0x08001d3c                TIM1_TRG_COM_TIM11_IRQHandler
                0x08001d3c                OTG_HS_IRQHandler
                0x08001d3c                DMA2D_IRQHandler
                0x08001d3c                EXTI1_IRQHandler
                0x08001d3c                UART7_IRQHandler
                0x08001d3c                USART2_IRQHandler
                0x08001d3c                I2C2_ER_IRQHandler
                0x08001d3c                DMA2_Stream1_IRQHandler
                0x08001d3c                CAN1_SCE_IRQHandler
                0x08001d3c                FLASH_IRQHandler
                0x08001d3c                DMA2_Stream4_IRQHandler
                0x08001d3c                USART1_IRQHandler
                0x08001d3c                OTG_FS_IRQHandler
                0x08001d3c                SPI3_IRQHandler
                0x08001d3c                DMA1_Stream4_IRQHandler
                0x08001d3c                I2C1_ER_IRQHandler
                0x08001d3c                FMC_IRQHandler
                0x08001d3c                DMA2_Stream6_IRQHandler
                0x08001d3c                SAI1_IRQHandler
                0x08001d3c                DMA1_Stream3_IRQHandler
 *fill*         0x08001d3e        0x2 
 .text.HAL_Init
                0x08001d40       0x44 ./Drivers/STM32F4xx_HAL_Driver/Src/stm32f4xx_hal.o
                0x08001d40                HAL_Init
 .text.HAL_InitTick
                0x08001d84       0x60 ./Drivers/STM32F4xx_HAL_Driver/Src/stm32f4xx_hal.o
                0x08001d84                HAL_InitTick
 .text.HAL_IncTick
                0x08001de4       0x28 ./Drivers/STM32F4xx_HAL_Driver/Src/stm32f4xx_hal.o
                0x08001de4                HAL_IncTick
 .text.__NVIC_SetPriorityGrouping
                0x08001e0c       0x48 ./Drivers/STM32F4xx_HAL_Driver/Src/stm32f4xx_hal_cortex.o
 .text.__NVIC_GetPriorityGrouping
                0x08001e54       0x1c ./Drivers/STM32F4xx_HAL_Driver/Src/stm32f4xx_hal_cortex.o
 .text.__NVIC_SetPriority
                0x08001e70       0x54 ./Drivers/STM32F4xx_HAL_Driver/Src/stm32f4xx_hal_cortex.o
 .text.NVIC_EncodePriority
                0x08001ec4       0x66 ./Drivers/STM32F4xx_HAL_Driver/Src/stm32f4xx_hal_cortex.o
 *fill*         0x08001f2a        0x2 
 .text.SysTick_Config
                0x08001f2c       0x44 ./Drivers/STM32F4xx_HAL_Driver/Src/stm32f4xx_hal_cortex.o
 .text.HAL_NVIC_SetPriorityGrouping
                0x08001f70       0x16 ./Drivers/STM32F4xx_HAL_Driver/Src/stm32f4xx_hal_cortex.o
                0x08001f70                HAL_NVIC_SetPriorityGrouping
 .text.HAL_NVIC_SetPriority
                0x08001f86       0x38 ./Drivers/STM32F4xx_HAL_Driver/Src/stm32f4xx_hal_cortex.o
                0x08001f86                HAL_NVIC_SetPriority
 .text.HAL_SYSTICK_Config
                0x08001fbe       0x18 ./Drivers/STM32F4xx_HAL_Driver/Src/stm32f4xx_hal_cortex.o
                0x08001fbe                HAL_SYSTICK_Config
 .text.HAL_TIM_Base_Init
                0x08001fd6       0x9e ./Drivers/STM32F4xx_HAL_Driver/Src/stm32f4xx_hal_tim.o
                0x08001fd6                HAL_TIM_Base_Init
 .text.TIM_Base_SetConfig
                0x08002074      0x14c ./Drivers/STM32F4xx_HAL_Driver/Src/stm32f4xx_hal_tim.o
                0x08002074                TIM_Base_SetConfig
 .text.HAL_TIMEx_MasterConfigSynchronization
                0x080021c0       0xf8 ./Drivers/STM32F4xx_HAL_Driver/Src/stm32f4xx_hal_tim_ex.o
                0x080021c0                HAL_TIMEx_MasterConfigSynchronization
 .text.LL_EXTI_EnableIT_0_31
                0x080022b8       0x24 ./Drivers/STM32F4xx_HAL_Driver/Src/stm32f4xx_ll_exti.o
 .text.LL_EXTI_DisableIT_0_31
                0x080022dc       0x28 ./Drivers/STM32F4xx_HAL_Driver/Src/stm32f4xx_ll_exti.o
 .text.LL_EXTI_EnableEvent_0_31
                0x08002304       0x24 ./Drivers/STM32F4xx_HAL_Driver/Src/stm32f4xx_ll_exti.o
 .text.LL_EXTI_DisableEvent_0_31
                0x08002328       0x28 ./Drivers/STM32F4xx_HAL_Driver/Src/stm32f4xx_ll_exti.o
 .text.LL_EXTI_EnableRisingTrig_0_31
                0x08002350       0x24 ./Drivers/STM32F4xx_HAL_Driver/Src/stm32f4xx_ll_exti.o
 .text.LL_EXTI_DisableRisingTrig_0_31
                0x08002374       0x28 ./Drivers/STM32F4xx_HAL_Driver/Src/stm32f4xx_ll_exti.o
 .text.LL_EXTI_EnableFallingTrig_0_31
                0x0800239c       0x24 ./Drivers/STM32F4xx_HAL_Driver/Src/stm32f4xx_ll_exti.o
 .text.LL_EXTI_DisableFallingTrig_0_31
                0x080023c0       0x28 ./Drivers/STM32F4xx_HAL_Driver/Src/stm32f4xx_ll_exti.o
 .text.LL_EXTI_Init
                0x080023e8       0xfe ./Drivers/STM32F4xx_HAL_Driver/Src/stm32f4xx_ll_exti.o
                0x080023e8                LL_EXTI_Init
 .text.LL_GPIO_SetPinMode
                0x080024e6       0x7a ./Drivers/STM32F4xx_HAL_Driver/Src/stm32f4xx_ll_gpio.o
 .text.LL_GPIO_SetPinOutputType
                0x08002560       0x30 ./Drivers/STM32F4xx_HAL_Driver/Src/stm32f4xx_ll_gpio.o
 .text.LL_GPIO_SetPinSpeed
                0x08002590       0x7a ./Drivers/STM32F4xx_HAL_Driver/Src/stm32f4xx_ll_gpio.o
 .text.LL_GPIO_SetPinPull
                0x0800260a       0x7a ./Drivers/STM32F4xx_HAL_Driver/Src/stm32f4xx_ll_gpio.o
 .text.LL_GPIO_SetAFPin_0_7
                0x08002684       0x7a ./Drivers/STM32F4xx_HAL_Driver/Src/stm32f4xx_ll_gpio.o
 .text.LL_GPIO_SetAFPin_8_15
                0x080026fe       0x7e ./Drivers/STM32F4xx_HAL_Driver/Src/stm32f4xx_ll_gpio.o
 .text.LL_GPIO_Init
                0x0800277c      0x102 ./Drivers/STM32F4xx_HAL_Driver/Src/stm32f4xx_ll_gpio.o
                0x0800277c                LL_GPIO_Init
 .text.LL_TIM_SetPrescaler
                0x0800287e       0x1c ./Drivers/STM32F4xx_HAL_Driver/Src/stm32f4xx_ll_tim.o
 .text.LL_TIM_SetAutoReload
                0x0800289a       0x1c ./Drivers/STM32F4xx_HAL_Driver/Src/stm32f4xx_ll_tim.o
 .text.LL_TIM_SetRepetitionCounter
                0x080028b6       0x1c ./Drivers/STM32F4xx_HAL_Driver/Src/stm32f4xx_ll_tim.o
 .text.LL_TIM_OC_SetCompareCH1
                0x080028d2       0x1c ./Drivers/STM32F4xx_HAL_Driver/Src/stm32f4xx_ll_tim.o
 .text.LL_TIM_OC_SetCompareCH2
                0x080028ee       0x1c ./Drivers/STM32F4xx_HAL_Driver/Src/stm32f4xx_ll_tim.o
 .text.LL_TIM_OC_SetCompareCH3
                0x0800290a       0x1c ./Drivers/STM32F4xx_HAL_Driver/Src/stm32f4xx_ll_tim.o
 .text.LL_TIM_OC_SetCompareCH4
                0x08002926       0x1c ./Drivers/STM32F4xx_HAL_Driver/Src/stm32f4xx_ll_tim.o
 .text.LL_TIM_GenerateEvent_UPDATE
                0x08002942       0x20 ./Drivers/STM32F4xx_HAL_Driver/Src/stm32f4xx_ll_tim.o
 *fill*         0x08002962        0x2 
 .text.LL_TIM_Init
                0x08002964      0x134 ./Drivers/STM32F4xx_HAL_Driver/Src/stm32f4xx_ll_tim.o
                0x08002964                LL_TIM_Init
 .text.LL_TIM_OC_Init
                0x08002a98       0x82 ./Drivers/STM32F4xx_HAL_Driver/Src/stm32f4xx_ll_tim.o
                0x08002a98                LL_TIM_OC_Init
 *fill*         0x08002b1a        0x2 
 .text.OC1Config
                0x08002b1c       0xd8 ./Drivers/STM32F4xx_HAL_Driver/Src/stm32f4xx_ll_tim.o
 .text.OC2Config
                0x08002bf4       0xe0 ./Drivers/STM32F4xx_HAL_Driver/Src/stm32f4xx_ll_tim.o
 .text.OC3Config
                0x08002cd4       0xe0 ./Drivers/STM32F4xx_HAL_Driver/Src/stm32f4xx_ll_tim.o
 .text.OC4Config
                0x08002db4       0xb0 ./Drivers/STM32F4xx_HAL_Driver/Src/stm32f4xx_ll_tim.o
 .text.LL_SetSystemCoreClock
                0x08002e64       0x20 ./Drivers/STM32F4xx_HAL_Driver/Src/stm32f4xx_ll_utils.o
                0x08002e64                LL_SetSystemCoreClock
 .text.memset   0x08002e84       0x10 X:/STM32CubeIDE_1.19.0/STM32CubeIDE/plugins/com.st.stm32cube.ide.mcu.externaltools.gnu-tools-for-stm32.13.3.rel1.win32_1.0.0.202411081344/tools/bin/../lib/gcc/arm-none-eabi/13.3.1/../../../../arm-none-eabi/lib/thumb/v7e-m+fp/hard\libc_nano.a(libc_a-memset.o)
                0x08002e84                memset
 .text.__libc_init_array
                0x08002e94       0x48 X:/STM32CubeIDE_1.19.0/STM32CubeIDE/plugins/com.st.stm32cube.ide.mcu.externaltools.gnu-tools-for-stm32.13.3.rel1.win32_1.0.0.202411081344/tools/bin/../lib/gcc/arm-none-eabi/13.3.1/../../../../arm-none-eabi/lib/thumb/v7e-m+fp/hard\libc_nano.a(libc_a-init.o)
                0x08002e94                __libc_init_array
 *(.glue_7)
 .glue_7        0x08002edc        0x0 linker stubs
 *(.glue_7t)
 .glue_7t       0x08002edc        0x0 linker stubs
 *(.eh_frame)
 .eh_frame      0x08002edc        0x0 X:/STM32CubeIDE_1.19.0/STM32CubeIDE/plugins/com.st.stm32cube.ide.mcu.externaltools.gnu-tools-for-stm32.13.3.rel1.win32_1.0.0.202411081344/tools/bin/../lib/gcc/arm-none-eabi/13.3.1/thumb/v7e-m+fp/hard/crtbegin.o
 *(.init)
 .init          0x08002edc        0x4 X:/STM32CubeIDE_1.19.0/STM32CubeIDE/plugins/com.st.stm32cube.ide.mcu.externaltools.gnu-tools-for-stm32.13.3.rel1.win32_1.0.0.202411081344/tools/bin/../lib/gcc/arm-none-eabi/13.3.1/thumb/v7e-m+fp/hard/crti.o
                0x08002edc                _init
 .init          0x08002ee0        0x8 X:/STM32CubeIDE_1.19.0/STM32CubeIDE/plugins/com.st.stm32cube.ide.mcu.externaltools.gnu-tools-for-stm32.13.3.rel1.win32_1.0.0.202411081344/tools/bin/../lib/gcc/arm-none-eabi/13.3.1/thumb/v7e-m+fp/hard/crtn.o
 *(.fini)
 .fini          0x08002ee8        0x4 X:/STM32CubeIDE_1.19.0/STM32CubeIDE/plugins/com.st.stm32cube.ide.mcu.externaltools.gnu-tools-for-stm32.13.3.rel1.win32_1.0.0.202411081344/tools/bin/../lib/gcc/arm-none-eabi/13.3.1/thumb/v7e-m+fp/hard/crti.o
                0x08002ee8                _fini
 .fini          0x08002eec        0x8 X:/STM32CubeIDE_1.19.0/STM32CubeIDE/plugins/com.st.stm32cube.ide.mcu.externaltools.gnu-tools-for-stm32.13.3.rel1.win32_1.0.0.202411081344/tools/bin/../lib/gcc/arm-none-eabi/13.3.1/thumb/v7e-m+fp/hard/crtn.o
                0x08002ef4                        . = ALIGN (0x4)
                0x08002ef4                        _etext = .

.vfp11_veneer   0x08002ef4        0x0
 .vfp11_veneer  0x08002ef4        0x0 linker stubs

.v4_bx          0x08002ef4        0x0
 .v4_bx         0x08002ef4        0x0 linker stubs

.iplt           0x08002ef4        0x0
 .iplt          0x08002ef4        0x0 X:/STM32CubeIDE_1.19.0/STM32CubeIDE/plugins/com.st.stm32cube.ide.mcu.externaltools.gnu-tools-for-stm32.13.3.rel1.win32_1.0.0.202411081344/tools/bin/../lib/gcc/arm-none-eabi/13.3.1/thumb/v7e-m+fp/hard/crtbegin.o

.rodata         0x08002ef4       0x20
                0x08002ef4                        . = ALIGN (0x4)
 *(.rodata)
 *(.rodata*)
 .rodata.OFFSET_TAB_CCMRx
                0x08002ef4        0x7 ./Core/Src/tim.o
 *fill*         0x08002efb        0x1 
 .rodata.SHIFT_TAB_OCxx
                0x08002efc        0x7 ./Core/Src/tim.o
 *fill*         0x08002f03        0x1 
 .rodata.SHIFT_TAB_ICxx
                0x08002f04        0x7 ./Core/Src/tim.o
 *fill*         0x08002f0b        0x1 
 .rodata.SHIFT_TAB_CCxP
                0x08002f0c        0x7 ./Core/Src/tim.o
                0x08002f14                        . = ALIGN (0x4)
 *fill*         0x08002f13        0x1 

.ARM.extab      0x08002f14        0x0
                0x08002f14                        . = ALIGN (0x4)
 *(.ARM.extab* .gnu.linkonce.armextab.*)
                0x08002f14                        . = ALIGN (0x4)

.ARM            0x08002f14        0x0
                0x08002f14                        . = ALIGN (0x4)
                0x08002f14                        __exidx_start = .
 *(.ARM.exidx*)
                0x08002f14                        __exidx_end = .
                0x08002f14                        . = ALIGN (0x4)

.preinit_array  0x08002f14        0x0
                0x08002f14                        . = ALIGN (0x4)
                0x08002f14                        PROVIDE (__preinit_array_start = .)
 *(.preinit_array*)
                0x08002f14                        PROVIDE (__preinit_array_end = .)
                0x08002f14                        . = ALIGN (0x4)

.init_array     0x08002f14        0x4
                0x08002f14                        . = ALIGN (0x4)
                0x08002f14                        PROVIDE (__init_array_start = .)
 *(SORT_BY_NAME(.init_array.*))
 *(.init_array*)
 .init_array    0x08002f14        0x4 X:/STM32CubeIDE_1.19.0/STM32CubeIDE/plugins/com.st.stm32cube.ide.mcu.externaltools.gnu-tools-for-stm32.13.3.rel1.win32_1.0.0.202411081344/tools/bin/../lib/gcc/arm-none-eabi/13.3.1/thumb/v7e-m+fp/hard/crtbegin.o
                0x08002f18                        PROVIDE (__init_array_end = .)
                0x08002f18                        . = ALIGN (0x4)

.fini_array     0x08002f18        0x4
                0x08002f18                        . = ALIGN (0x4)
                [!provide]                        PROVIDE (__fini_array_start = .)
 *(SORT_BY_NAME(.fini_array.*))
 *(.fini_array*)
 .fini_array    0x08002f18        0x4 X:/STM32CubeIDE_1.19.0/STM32CubeIDE/plugins/com.st.stm32cube.ide.mcu.externaltools.gnu-tools-for-stm32.13.3.rel1.win32_1.0.0.202411081344/tools/bin/../lib/gcc/arm-none-eabi/13.3.1/thumb/v7e-m+fp/hard/crtbegin.o
                [!provide]                        PROVIDE (__fini_array_end = .)
                0x08002f1c                        . = ALIGN (0x4)
                0x08002f1c                        _sidata = LOADADDR (.data)

.rel.dyn        0x08002f1c        0x0
 .rel.iplt      0x08002f1c        0x0 X:/STM32CubeIDE_1.19.0/STM32CubeIDE/plugins/com.st.stm32cube.ide.mcu.externaltools.gnu-tools-for-stm32.13.3.rel1.win32_1.0.0.202411081344/tools/bin/../lib/gcc/arm-none-eabi/13.3.1/thumb/v7e-m+fp/hard/crtbegin.o

.data           0x20000000        0xc load address 0x08002f1c
                0x20000000                        . = ALIGN (0x4)
                0x20000000                        _sdata = .
 *(.data)
 *(.data*)
 .data.SystemCoreClock
                0x20000000        0x4 ./Core/Src/system_stm32f4xx.o
                0x20000000                SystemCoreClock
 .data.uwTickPrio
                0x20000004        0x4 ./Drivers/STM32F4xx_HAL_Driver/Src/stm32f4xx_hal.o
                0x20000004                uwTickPrio
 .data.uwTickFreq
                0x20000008        0x1 ./Drivers/STM32F4xx_HAL_Driver/Src/stm32f4xx_hal.o
                0x20000008                uwTickFreq
 *(.RamFunc)
 *(.RamFunc*)
                0x2000000c                        . = ALIGN (0x4)
 *fill*         0x20000009        0x3 
                0x2000000c                        _edata = .
                0x08002f28                        _siccmram = LOADADDR (.ccmram)

.igot.plt       0x2000000c        0x0 load address 0x08002f28
 .igot.plt      0x2000000c        0x0 X:/STM32CubeIDE_1.19.0/STM32CubeIDE/plugins/com.st.stm32cube.ide.mcu.externaltools.gnu-tools-for-stm32.13.3.rel1.win32_1.0.0.202411081344/tools/bin/../lib/gcc/arm-none-eabi/13.3.1/thumb/v7e-m+fp/hard/crtbegin.o

.ccmram         0x10000000        0x0 load address 0x08002f28
                0x10000000                        . = ALIGN (0x4)
                0x10000000                        _sccmram = .
 *(.ccmram)
 *(.ccmram*)
                0x10000000                        . = ALIGN (0x4)
                0x10000000                        _eccmram = .
                0x10000000                        . = ALIGN (0x4)

.bss            0x2000000c       0x88
                0x2000000c                        _sbss = .
                0x2000000c                        __bss_start__ = _sbss
 *(.bss)
 .bss           0x2000000c       0x1c X:/STM32CubeIDE_1.19.0/STM32CubeIDE/plugins/com.st.stm32cube.ide.mcu.externaltools.gnu-tools-for-stm32.13.3.rel1.win32_1.0.0.202411081344/tools/bin/../lib/gcc/arm-none-eabi/13.3.1/thumb/v7e-m+fp/hard/crtbegin.o
 *(.bss*)
 .bss.old_num_pulses
                0x20000028        0x2 ./App/Src/PulseCountVelocity_static.o
 .bss.timeout_cycles
                0x2000002a        0x1 ./App/Src/PulseCountVelocity_static.o
 *fill*         0x2000002b        0x1 
 .bss.prev_velocity
                0x2000002c        0x4 ./App/Src/PulseCountVelocity_static.o
 .bss.prev_capture
                0x20000030        0x2 ./App/Src/TimeIntervalVelocity_static.o
 *fill*         0x20000032        0x2 
 .bss.prev_velocity
                0x20000034        0x4 ./App/Src/TimeIntervalVelocity_static.o
 .bss.timeout_cycles
                0x20000038        0x1 ./App/Src/TimeIntervalVelocity_static.o
 *fill*         0x20000039        0x3 
 .bss.PCV_result
                0x2000003c        0x4 ./Core/Src/main.o
                0x2000003c                PCV_result
 .bss.TIV_result
                0x20000040        0x4 ./Core/Src/main.o
                0x20000040                TIV_result
 .bss.encoder_counter
                0x20000044        0x4 ./Core/Src/main.o
                0x20000044                encoder_counter
 .bss.htim7     0x20000048       0x48 ./Core/Src/tim.o
                0x20000048                htim7
 .bss.uwTick    0x20000090        0x4 ./Drivers/STM32F4xx_HAL_Driver/Src/stm32f4xx_hal.o
                0x20000090                uwTick
 *(COMMON)
                0x20000094                        . = ALIGN (0x4)
                0x20000094                        _ebss = .
                0x20000094                        __bss_end__ = _ebss

._user_heap_stack
                0x20000094      0x604
                0x20000098                        . = ALIGN (0x8)
 *fill*         0x20000094        0x4 
                [!provide]                        PROVIDE (end = .)
                0x20000098                        PROVIDE (_end = .)
                0x20000298                        . = (. + _Min_Heap_Size)
 *fill*         0x20000098      0x200 
                0x20000698                        . = (. + _Min_Stack_Size)
 *fill*         0x20000298      0x400 
                0x20000698                        . = ALIGN (0x8)

/DISCARD/
 libc.a(*)
 libm.a(*)
 libgcc.a(*)

.ARM.attributes
                0x00000000       0x30
 *(.ARM.attributes)
 .ARM.attributes
                0x00000000       0x22 X:/STM32CubeIDE_1.19.0/STM32CubeIDE/plugins/com.st.stm32cube.ide.mcu.externaltools.gnu-tools-for-stm32.13.3.rel1.win32_1.0.0.202411081344/tools/bin/../lib/gcc/arm-none-eabi/13.3.1/thumb/v7e-m+fp/hard/crti.o
 .ARM.attributes
                0x00000022       0x34 X:/STM32CubeIDE_1.19.0/STM32CubeIDE/plugins/com.st.stm32cube.ide.mcu.externaltools.gnu-tools-for-stm32.13.3.rel1.win32_1.0.0.202411081344/tools/bin/../lib/gcc/arm-none-eabi/13.3.1/thumb/v7e-m+fp/hard/crtbegin.o
 .ARM.attributes
                0x00000056       0x34 ./App/Src/Ease_of_life.o
 .ARM.attributes
                0x0000008a       0x34 ./App/Src/PulseCountVelocity_static.o
 .ARM.attributes
                0x000000be       0x34 ./App/Src/TimeIntervalVelocity_static.o
 .ARM.attributes
                0x000000f2       0x34 ./Core/Src/gpio.o
 .ARM.attributes
                0x00000126       0x34 ./Core/Src/main.o
 .ARM.attributes
                0x0000015a       0x34 ./Core/Src/stm32f4xx_hal_msp.o
 .ARM.attributes
                0x0000018e       0x34 ./Core/Src/stm32f4xx_it.o
 .ARM.attributes
                0x000001c2       0x34 ./Core/Src/system_stm32f4xx.o
 .ARM.attributes
                0x000001f6       0x34 ./Core/Src/tim.o
 .ARM.attributes
                0x0000022a       0x21 ./Core/Startup/startup_stm32f439zitx.o
 .ARM.attributes
                0x0000024b       0x34 ./Drivers/STM32F4xx_HAL_Driver/Src/stm32f4xx_hal.o
 .ARM.attributes
                0x0000027f       0x34 ./Drivers/STM32F4xx_HAL_Driver/Src/stm32f4xx_hal_cortex.o
 .ARM.attributes
                0x000002b3       0x34 ./Drivers/STM32F4xx_HAL_Driver/Src/stm32f4xx_hal_tim.o
 .ARM.attributes
                0x000002e7       0x34 ./Drivers/STM32F4xx_HAL_Driver/Src/stm32f4xx_hal_tim_ex.o
 .ARM.attributes
                0x0000031b       0x34 ./Drivers/STM32F4xx_HAL_Driver/Src/stm32f4xx_ll_exti.o
 .ARM.attributes
                0x0000034f       0x34 ./Drivers/STM32F4xx_HAL_Driver/Src/stm32f4xx_ll_gpio.o
 .ARM.attributes
                0x00000383       0x34 ./Drivers/STM32F4xx_HAL_Driver/Src/stm32f4xx_ll_tim.o
 .ARM.attributes
                0x000003b7       0x34 ./Drivers/STM32F4xx_HAL_Driver/Src/stm32f4xx_ll_utils.o
 .ARM.attributes
                0x000003eb       0x34 X:/STM32CubeIDE_1.19.0/STM32CubeIDE/plugins/com.st.stm32cube.ide.mcu.externaltools.gnu-tools-for-stm32.13.3.rel1.win32_1.0.0.202411081344/tools/bin/../lib/gcc/arm-none-eabi/13.3.1/../../../../arm-none-eabi/lib/thumb/v7e-m+fp/hard\libc_nano.a(libc_a-memset.o)
 .ARM.attributes
                0x0000041f       0x34 X:/STM32CubeIDE_1.19.0/STM32CubeIDE/plugins/com.st.stm32cube.ide.mcu.externaltools.gnu-tools-for-stm32.13.3.rel1.win32_1.0.0.202411081344/tools/bin/../lib/gcc/arm-none-eabi/13.3.1/../../../../arm-none-eabi/lib/thumb/v7e-m+fp/hard\libc_nano.a(libc_a-init.o)
 .ARM.attributes
                0x00000453       0x22 X:/STM32CubeIDE_1.19.0/STM32CubeIDE/plugins/com.st.stm32cube.ide.mcu.externaltools.gnu-tools-for-stm32.13.3.rel1.win32_1.0.0.202411081344/tools/bin/../lib/gcc/arm-none-eabi/13.3.1/thumb/v7e-m+fp/hard/crtn.o
OUTPUT(EncoderTest.elf elf32-littlearm)
LOAD linker stubs
LOAD X:/STM32CubeIDE_1.19.0/STM32CubeIDE/plugins/com.st.stm32cube.ide.mcu.externaltools.gnu-tools-for-stm32.13.3.rel1.win32_1.0.0.202411081344/tools/bin/../lib/gcc/arm-none-eabi/13.3.1/../../../../arm-none-eabi/lib/thumb/v7e-m+fp/hard\libc.a
LOAD X:/STM32CubeIDE_1.19.0/STM32CubeIDE/plugins/com.st.stm32cube.ide.mcu.externaltools.gnu-tools-for-stm32.13.3.rel1.win32_1.0.0.202411081344/tools/bin/../lib/gcc/arm-none-eabi/13.3.1/../../../../arm-none-eabi/lib/thumb/v7e-m+fp/hard\libm.a
LOAD X:/STM32CubeIDE_1.19.0/STM32CubeIDE/plugins/com.st.stm32cube.ide.mcu.externaltools.gnu-tools-for-stm32.13.3.rel1.win32_1.0.0.202411081344/tools/bin/../lib/gcc/arm-none-eabi/13.3.1/thumb/v7e-m+fp/hard\libgcc.a

.debug_info     0x00000000     0xc315
 .debug_info    0x00000000      0x33f ./App/Src/Ease_of_life.o
 .debug_info    0x0000033f      0x57d ./App/Src/PulseCountVelocity_static.o
 .debug_info    0x000008bc      0x75a ./App/Src/TimeIntervalVelocity_static.o
 .debug_info    0x00001016      0x82b ./Core/Src/gpio.o
 .debug_info    0x00001841      0x921 ./Core/Src/main.o
 .debug_info    0x00002162      0x35f ./Core/Src/stm32f4xx_hal_msp.o
 .debug_info    0x000024c1      0x4f2 ./Core/Src/stm32f4xx_it.o
 .debug_info    0x000029b3      0x52e ./Core/Src/system_stm32f4xx.o
 .debug_info    0x00002ee1     0x18d6 ./Core/Src/tim.o
 .debug_info    0x000047b7       0x30 ./Core/Startup/startup_stm32f439zitx.o
 .debug_info    0x000047e7      0x9c0 ./Drivers/STM32F4xx_HAL_Driver/Src/stm32f4xx_hal.o
 .debug_info    0x000051a7      0xdc8 ./Drivers/STM32F4xx_HAL_Driver/Src/stm32f4xx_hal_cortex.o
 .debug_info    0x00005f6f     0x299d ./Drivers/STM32F4xx_HAL_Driver/Src/stm32f4xx_hal_tim.o
 .debug_info    0x0000890c     0x14db ./Drivers/STM32F4xx_HAL_Driver/Src/stm32f4xx_hal_tim_ex.o
 .debug_info    0x00009de7      0x337 ./Drivers/STM32F4xx_HAL_Driver/Src/stm32f4xx_ll_exti.o
 .debug_info    0x0000a11e      0x93f ./Drivers/STM32F4xx_HAL_Driver/Src/stm32f4xx_ll_gpio.o
 .debug_info    0x0000aa5d      0xf63 ./Drivers/STM32F4xx_HAL_Driver/Src/stm32f4xx_ll_tim.o
 .debug_info    0x0000b9c0      0x955 ./Drivers/STM32F4xx_HAL_Driver/Src/stm32f4xx_ll_utils.o

.debug_abbrev   0x00000000     0x21b4
 .debug_abbrev  0x00000000      0x12d ./App/Src/Ease_of_life.o
 .debug_abbrev  0x0000012d      0x164 ./App/Src/PulseCountVelocity_static.o
 .debug_abbrev  0x00000291      0x202 ./App/Src/TimeIntervalVelocity_static.o
 .debug_abbrev  0x00000493      0x216 ./Core/Src/gpio.o
 .debug_abbrev  0x000006a9      0x24c ./Core/Src/main.o
 .debug_abbrev  0x000008f5       0xdd ./Core/Src/stm32f4xx_hal_msp.o
 .debug_abbrev  0x000009d2      0x1cf ./Core/Src/stm32f4xx_it.o
 .debug_abbrev  0x00000ba1      0x11a ./Core/Src/system_stm32f4xx.o
 .debug_abbrev  0x00000cbb      0x2a5 ./Core/Src/tim.o
 .debug_abbrev  0x00000f60       0x24 ./Core/Startup/startup_stm32f439zitx.o
 .debug_abbrev  0x00000f84      0x214 ./Drivers/STM32F4xx_HAL_Driver/Src/stm32f4xx_hal.o
 .debug_abbrev  0x00001198      0x31d ./Drivers/STM32F4xx_HAL_Driver/Src/stm32f4xx_hal_cortex.o
 .debug_abbrev  0x000014b5      0x278 ./Drivers/STM32F4xx_HAL_Driver/Src/stm32f4xx_hal_tim.o
 .debug_abbrev  0x0000172d      0x283 ./Drivers/STM32F4xx_HAL_Driver/Src/stm32f4xx_hal_tim_ex.o
 .debug_abbrev  0x000019b0      0x18a ./Drivers/STM32F4xx_HAL_Driver/Src/stm32f4xx_ll_exti.o
 .debug_abbrev  0x00001b3a      0x237 ./Drivers/STM32F4xx_HAL_Driver/Src/stm32f4xx_ll_gpio.o
 .debug_abbrev  0x00001d71      0x20f ./Drivers/STM32F4xx_HAL_Driver/Src/stm32f4xx_ll_tim.o
 .debug_abbrev  0x00001f80      0x234 ./Drivers/STM32F4xx_HAL_Driver/Src/stm32f4xx_ll_utils.o

.debug_aranges  0x00000000      0xef8
 .debug_aranges
                0x00000000       0x40 ./App/Src/Ease_of_life.o
 .debug_aranges
                0x00000040       0x70 ./App/Src/PulseCountVelocity_static.o
 .debug_aranges
                0x000000b0       0x88 ./App/Src/TimeIntervalVelocity_static.o
 .debug_aranges
                0x00000138       0x48 ./Core/Src/gpio.o
 .debug_aranges
                0x00000180       0xe0 ./Core/Src/main.o
 .debug_aranges
                0x00000260       0x20 ./Core/Src/stm32f4xx_hal_msp.o
 .debug_aranges
                0x00000280       0xb0 ./Core/Src/stm32f4xx_it.o
 .debug_aranges
                0x00000330       0x28 ./Core/Src/system_stm32f4xx.o
 .debug_aranges
                0x00000358      0x108 ./Core/Src/tim.o
 .debug_aranges
                0x00000460       0x28 ./Core/Startup/startup_stm32f439zitx.o
 .debug_aranges
                0x00000488      0x100 ./Drivers/STM32F4xx_HAL_Driver/Src/stm32f4xx_hal.o
 .debug_aranges
                0x00000588      0x130 ./Drivers/STM32F4xx_HAL_Driver/Src/stm32f4xx_hal_cortex.o
 .debug_aranges
                0x000006b8      0x3d0 ./Drivers/STM32F4xx_HAL_Driver/Src/stm32f4xx_hal_tim.o
 .debug_aranges
                0x00000a88      0x168 ./Drivers/STM32F4xx_HAL_Driver/Src/stm32f4xx_hal_tim_ex.o
 .debug_aranges
                0x00000bf0       0x70 ./Drivers/STM32F4xx_HAL_Driver/Src/stm32f4xx_ll_exti.o
 .debug_aranges
                0x00000c60       0x70 ./Drivers/STM32F4xx_HAL_Driver/Src/stm32f4xx_ll_gpio.o
 .debug_aranges
                0x00000cd0      0x128 ./Drivers/STM32F4xx_HAL_Driver/Src/stm32f4xx_ll_tim.o
 .debug_aranges
                0x00000df8      0x100 ./Drivers/STM32F4xx_HAL_Driver/Src/stm32f4xx_ll_utils.o

.debug_rnglists
                0x00000000      0xb61
 .debug_rnglists
                0x00000000       0x2b ./App/Src/Ease_of_life.o
 .debug_rnglists
                0x0000002b       0x50 ./App/Src/PulseCountVelocity_static.o
 .debug_rnglists
                0x0000007b       0x62 ./App/Src/TimeIntervalVelocity_static.o
 .debug_rnglists
                0x000000dd       0x32 ./Core/Src/gpio.o
 .debug_rnglists
                0x0000010f       0xa5 ./Core/Src/main.o
 .debug_rnglists
                0x000001b4       0x13 ./Core/Src/stm32f4xx_hal_msp.o
 .debug_rnglists
                0x000001c7       0x7f ./Core/Src/stm32f4xx_it.o
 .debug_rnglists
                0x00000246       0x1a ./Core/Src/system_stm32f4xx.o
 .debug_rnglists
                0x00000260       0xcb ./Core/Src/tim.o
 .debug_rnglists
                0x0000032b       0x19 ./Core/Startup/startup_stm32f439zitx.o
 .debug_rnglists
                0x00000344       0xbb ./Drivers/STM32F4xx_HAL_Driver/Src/stm32f4xx_hal.o
 .debug_rnglists
                0x000003ff       0xe0 ./Drivers/STM32F4xx_HAL_Driver/Src/stm32f4xx_hal_cortex.o
 .debug_rnglists
                0x000004df      0x31a ./Drivers/STM32F4xx_HAL_Driver/Src/stm32f4xx_hal_tim.o
 .debug_rnglists
                0x000007f9      0x125 ./Drivers/STM32F4xx_HAL_Driver/Src/stm32f4xx_hal_tim_ex.o
 .debug_rnglists
                0x0000091e       0x50 ./Drivers/STM32F4xx_HAL_Driver/Src/stm32f4xx_ll_exti.o
 .debug_rnglists
                0x0000096e       0x51 ./Drivers/STM32F4xx_HAL_Driver/Src/stm32f4xx_ll_gpio.o
 .debug_rnglists
                0x000009bf       0xe4 ./Drivers/STM32F4xx_HAL_Driver/Src/stm32f4xx_ll_tim.o
 .debug_rnglists
                0x00000aa3       0xbe ./Drivers/STM32F4xx_HAL_Driver/Src/stm32f4xx_ll_utils.o

.debug_macro    0x00000000     0x2c9c
 .debug_macro   0x00000000      0x237 ./App/Src/Ease_of_life.o
 .debug_macro   0x00000237      0x237 ./App/Src/PulseCountVelocity_static.o
 .debug_macro   0x0000046e      0x241 ./App/Src/TimeIntervalVelocity_static.o
 .debug_macro   0x000006af      0x237 ./Core/Src/gpio.o
 .debug_macro   0x000008e6      0x259 ./Core/Src/main.o
 .debug_macro   0x00000b3f      0x22d ./Core/Src/stm32f4xx_hal_msp.o
 .debug_macro   0x00000d6c      0x255 ./Core/Src/stm32f4xx_it.o
 .debug_macro   0x00000fc1      0x1c4 ./Core/Src/system_stm32f4xx.o
 .debug_macro   0x00001185      0x237 ./Core/Src/tim.o
 .debug_macro   0x000013bc      0x224 ./Drivers/STM32F4xx_HAL_Driver/Src/stm32f4xx_hal.o
 .debug_macro   0x000015e0      0x1c4 ./Drivers/STM32F4xx_HAL_Driver/Src/stm32f4xx_hal_cortex.o
 .debug_macro   0x000017a4      0x1c5 ./Drivers/STM32F4xx_HAL_Driver/Src/stm32f4xx_hal_tim.o
 .debug_macro   0x00001969      0x1c4 ./Drivers/STM32F4xx_HAL_Driver/Src/stm32f4xx_hal_tim_ex.o
 .debug_macro   0x00001b2d      0x1eb ./Drivers/STM32F4xx_HAL_Driver/Src/stm32f4xx_ll_exti.o
 .debug_macro   0x00001d18       0xe2 ./Drivers/STM32F4xx_HAL_Driver/Src/stm32f4xx_ll_exti.o
 .debug_macro   0x00001dfa      0x206 ./Drivers/STM32F4xx_HAL_Driver/Src/stm32f4xx_ll_gpio.o
 .debug_macro   0x00002000      0x143 ./Drivers/STM32F4xx_HAL_Driver/Src/stm32f4xx_ll_gpio.o
 .debug_macro   0x00002143      0x24f ./Drivers/STM32F4xx_HAL_Driver/Src/stm32f4xx_ll_tim.o
 .debug_macro   0x00002392      0x5ed ./Drivers/STM32F4xx_HAL_Driver/Src/stm32f4xx_ll_tim.o
 .debug_macro   0x0000297f      0x2c2 ./Drivers/STM32F4xx_HAL_Driver/Src/stm32f4xx_ll_utils.o
 .debug_macro   0x00002c41       0x5b ./Drivers/STM32F4xx_HAL_Driver/Src/stm32f4xx_ll_utils.o

.debug_line     0x00000000     0xf2fc
 .debug_line    0x00000000      0x8dc ./App/Src/Ease_of_life.o
 .debug_line    0x000008dc      0x9e0 ./App/Src/PulseCountVelocity_static.o
 .debug_line    0x000012bc      0xa76 ./App/Src/TimeIntervalVelocity_static.o
 .debug_line    0x00001d32      0xa44 ./Core/Src/gpio.o
 .debug_line    0x00002776      0xba9 ./Core/Src/main.o
 .debug_line    0x0000331f      0x808 ./Core/Src/stm32f4xx_hal_msp.o
 .debug_line    0x00003b27      0xae8 ./Core/Src/stm32f4xx_it.o
 .debug_line    0x0000460f      0x798 ./Core/Src/system_stm32f4xx.o
 .debug_line    0x00004da7      0xedc ./Core/Src/tim.o
 .debug_line    0x00005c83       0x7a ./Core/Startup/startup_stm32f439zitx.o
 .debug_line    0x00005cfd      0xa4a ./Drivers/STM32F4xx_HAL_Driver/Src/stm32f4xx_hal.o
 .debug_line    0x00006747      0xce4 ./Drivers/STM32F4xx_HAL_Driver/Src/stm32f4xx_hal_cortex.o
 .debug_line    0x0000742b     0x3789 ./Drivers/STM32F4xx_HAL_Driver/Src/stm32f4xx_hal_tim.o
 .debug_line    0x0000abb4     0x1974 ./Drivers/STM32F4xx_HAL_Driver/Src/stm32f4xx_hal_tim_ex.o
 .debug_line    0x0000c528      0x89b ./Drivers/STM32F4xx_HAL_Driver/Src/stm32f4xx_ll_exti.o
 .debug_line    0x0000cdc3      0xafd ./Drivers/STM32F4xx_HAL_Driver/Src/stm32f4xx_ll_gpio.o
 .debug_line    0x0000d8c0      0xd8f ./Drivers/STM32F4xx_HAL_Driver/Src/stm32f4xx_ll_tim.o
 .debug_line    0x0000e64f      0xcad ./Drivers/STM32F4xx_HAL_Driver/Src/stm32f4xx_ll_utils.o

.debug_str      0x00000000    0xe8fd0
 .debug_str     0x00000000    0xe8fd0 ./App/Src/Ease_of_life.o
                              0xe335a (size before relaxing)
 .debug_str     0x000e8fd0    0xe352d ./App/Src/PulseCountVelocity_static.o
 .debug_str     0x000e8fd0    0xe366b ./App/Src/TimeIntervalVelocity_static.o
 .debug_str     0x000e8fd0    0xe3591 ./Core/Src/gpio.o
 .debug_str     0x000e8fd0    0xe37ee ./Core/Src/main.o
 .debug_str     0x000e8fd0    0xe33ad ./Core/Src/stm32f4xx_hal_msp.o
 .debug_str     0x000e8fd0    0xe355a ./Core/Src/stm32f4xx_it.o
 .debug_str     0x000e8fd0    0xd358a ./Core/Src/system_stm32f4xx.o
 .debug_str     0x000e8fd0    0xe4476 ./Core/Src/tim.o
 .debug_str     0x000e8fd0       0x7e ./Core/Startup/startup_stm32f439zitx.o
 .debug_str     0x000e8fd0    0xd41b7 ./Drivers/STM32F4xx_HAL_Driver/Src/stm32f4xx_hal.o
 .debug_str     0x000e8fd0    0xd3ee5 ./Drivers/STM32F4xx_HAL_Driver/Src/stm32f4xx_hal_cortex.o
 .debug_str     0x000e8fd0    0xd4901 ./Drivers/STM32F4xx_HAL_Driver/Src/stm32f4xx_hal_tim.o
 .debug_str     0x000e8fd0    0xd410d ./Drivers/STM32F4xx_HAL_Driver/Src/stm32f4xx_hal_tim_ex.o
 .debug_str     0x000e8fd0    0xd3bff ./Drivers/STM32F4xx_HAL_Driver/Src/stm32f4xx_ll_exti.o
 .debug_str     0x000e8fd0    0xd51dc ./Drivers/STM32F4xx_HAL_Driver/Src/stm32f4xx_ll_gpio.o
 .debug_str     0x000e8fd0    0xd88e6 ./Drivers/STM32F4xx_HAL_Driver/Src/stm32f4xx_ll_tim.o
 .debug_str     0x000e8fd0    0xdd8ae ./Drivers/STM32F4xx_HAL_Driver/Src/stm32f4xx_ll_utils.o

.comment        0x00000000       0x43
 .comment       0x00000000       0x43 ./App/Src/Ease_of_life.o
                                 0x44 (size before relaxing)
 .comment       0x00000043       0x44 ./App/Src/PulseCountVelocity_static.o
 .comment       0x00000043       0x44 ./App/Src/TimeIntervalVelocity_static.o
 .comment       0x00000043       0x44 ./Core/Src/gpio.o
 .comment       0x00000043       0x44 ./Core/Src/main.o
 .comment       0x00000043       0x44 ./Core/Src/stm32f4xx_hal_msp.o
 .comment       0x00000043       0x44 ./Core/Src/stm32f4xx_it.o
 .comment       0x00000043       0x44 ./Core/Src/system_stm32f4xx.o
 .comment       0x00000043       0x44 ./Core/Src/tim.o
 .comment       0x00000043       0x44 ./Drivers/STM32F4xx_HAL_Driver/Src/stm32f4xx_hal.o
 .comment       0x00000043       0x44 ./Drivers/STM32F4xx_HAL_Driver/Src/stm32f4xx_hal_cortex.o
 .comment       0x00000043       0x44 ./Drivers/STM32F4xx_HAL_Driver/Src/stm32f4xx_hal_tim.o
 .comment       0x00000043       0x44 ./Drivers/STM32F4xx_HAL_Driver/Src/stm32f4xx_hal_tim_ex.o
 .comment       0x00000043       0x44 ./Drivers/STM32F4xx_HAL_Driver/Src/stm32f4xx_ll_exti.o
 .comment       0x00000043       0x44 ./Drivers/STM32F4xx_HAL_Driver/Src/stm32f4xx_ll_gpio.o
 .comment       0x00000043       0x44 ./Drivers/STM32F4xx_HAL_Driver/Src/stm32f4xx_ll_tim.o
 .comment       0x00000043       0x44 ./Drivers/STM32F4xx_HAL_Driver/Src/stm32f4xx_ll_utils.o

.debug_frame    0x00000000     0x3e80
 .debug_frame   0x00000000       0xd4 ./App/Src/Ease_of_life.o
 .debug_frame   0x000000d4      0x19c ./App/Src/PulseCountVelocity_static.o
 .debug_frame   0x00000270      0x21c ./App/Src/TimeIntervalVelocity_static.o
 .debug_frame   0x0000048c       0xfc ./Core/Src/gpio.o
 .debug_frame   0x00000588      0x388 ./Core/Src/main.o
 .debug_frame   0x00000910       0x38 ./Core/Src/stm32f4xx_hal_msp.o
 .debug_frame   0x00000948      0x274 ./Core/Src/stm32f4xx_it.o
 .debug_frame   0x00000bbc       0x58 ./Core/Src/system_stm32f4xx.o
 .debug_frame   0x00000c14      0x4a0 ./Core/Src/tim.o
 .debug_frame   0x000010b4      0x3b4 ./Drivers/STM32F4xx_HAL_Driver/Src/stm32f4xx_hal.o
 .debug_frame   0x00001468      0x508 ./Drivers/STM32F4xx_HAL_Driver/Src/stm32f4xx_hal_cortex.o
 .debug_frame   0x00001970     0x11c0 ./Drivers/STM32F4xx_HAL_Driver/Src/stm32f4xx_hal_tim.o
 .debug_frame   0x00002b30      0x638 ./Drivers/STM32F4xx_HAL_Driver/Src/stm32f4xx_hal_tim_ex.o
 .debug_frame   0x00003168      0x1bc ./Drivers/STM32F4xx_HAL_Driver/Src/stm32f4xx_ll_exti.o
 .debug_frame   0x00003324      0x1c0 ./Drivers/STM32F4xx_HAL_Driver/Src/stm32f4xx_ll_gpio.o
 .debug_frame   0x000034e4      0x538 ./Drivers/STM32F4xx_HAL_Driver/Src/stm32f4xx_ll_tim.o
 .debug_frame   0x00003a1c      0x418 ./Drivers/STM32F4xx_HAL_Driver/Src/stm32f4xx_ll_utils.o
 .debug_frame   0x00003e34       0x20 X:/STM32CubeIDE_1.19.0/STM32CubeIDE/plugins/com.st.stm32cube.ide.mcu.externaltools.gnu-tools-for-stm32.13.3.rel1.win32_1.0.0.202411081344/tools/bin/../lib/gcc/arm-none-eabi/13.3.1/../../../../arm-none-eabi/lib/thumb/v7e-m+fp/hard\libc_nano.a(libc_a-memset.o)
 .debug_frame   0x00003e54       0x2c X:/STM32CubeIDE_1.19.0/STM32CubeIDE/plugins/com.st.stm32cube.ide.mcu.externaltools.gnu-tools-for-stm32.13.3.rel1.win32_1.0.0.202411081344/tools/bin/../lib/gcc/arm-none-eabi/13.3.1/../../../../arm-none-eabi/lib/thumb/v7e-m+fp/hard\libc_nano.a(libc_a-init.o)

.debug_line_str
                0x00000000       0x62
 .debug_line_str
                0x00000000       0x62 ./Core/Startup/startup_stm32f439zitx.o
