../Drivers/STM32F4xx_HAL_Driver/Inc/stm32f4xx_ll_rcc.h:2930:22:LL_RCC_HSE_EnableBypass	1
../Drivers/STM32F4xx_HAL_Driver/Inc/stm32f4xx_ll_rcc.h:2950:22:LL_RCC_HSE_Enable	1
../Drivers/STM32F4xx_HAL_Driver/Inc/stm32f4xx_ll_rcc.h:2970:26:LL_RCC_HSE_IsReady	1
../Drivers/STM32F4xx_HAL_Driver/Inc/stm32f4xx_ll_rcc.h:3189:22:LL_RCC_SetSysClkSource	1
../Drivers/STM32F4xx_HAL_Driver/Inc/stm32f4xx_ll_rcc.h:3205:26:LL_RCC_GetSysClkSource	1
../Drivers/STM32F4xx_HAL_Driver/Inc/stm32f4xx_ll_rcc.h:3225:22:LL_RCC_SetAHBPrescaler	1
../Drivers/STM32F4xx_HAL_Driver/Inc/stm32f4xx_ll_rcc.h:3241:22:LL_RCC_SetAPB1Prescaler	1
../Drivers/STM32F4xx_HAL_Driver/Inc/stm32f4xx_ll_rcc.h:3257:22:LL_RCC_SetAPB2Prescaler	1
../Drivers/STM32F4xx_HAL_Driver/Inc/stm32f4xx_ll_rcc.h:4154:22:LL_RCC_SetTIMPrescaler	1
../Drivers/STM32F4xx_HAL_Driver/Inc/stm32f4xx_ll_rcc.h:4185:22:LL_RCC_PLL_Enable	1
../Drivers/STM32F4xx_HAL_Driver/Inc/stm32f4xx_ll_rcc.h:4206:26:LL_RCC_PLL_IsReady	1
../Drivers/STM32F4xx_HAL_Driver/Inc/stm32f4xx_ll_rcc.h:4305:22:LL_RCC_PLL_ConfigDomain_SYS	1
../Drivers/STM32F4xx_HAL_Driver/Inc/stm32f4xx_ll_system.h:1543:22:LL_FLASH_SetLatency	1
../Drivers/STM32F4xx_HAL_Driver/Inc/stm32f4xx_ll_system.h:1569:26:LL_FLASH_GetLatency	1
../Drivers/STM32F4xx_HAL_Driver/Inc/stm32f4xx_ll_pwr.h:353:22:LL_PWR_DisableOverDriveMode	1
../Drivers/STM32F4xx_HAL_Driver/Inc/stm32f4xx_ll_pwr.h:505:22:LL_PWR_SetRegulVoltageScaling	1
../Drivers/STM32F4xx_HAL_Driver/Inc/stm32f4xx_ll_pwr.h:883:26:LL_PWR_IsActiveFlag_VOS	1
../Drivers/STM32F4xx_HAL_Driver/Inc/stm32f4xx_ll_tim.h:1116:22:LL_TIM_EnableCounter	1
../Drivers/STM32F4xx_HAL_Driver/Inc/stm32f4xx_ll_tim.h:1382:26:LL_TIM_GetCounter	1
../Drivers/STM32F4xx_HAL_Driver/Inc/stm32f4xx_ll_tim.h:1612:22:LL_TIM_CC_EnableChannel	1
../Drivers/STM32F4xx_HAL_Driver/Inc/stm32f4xx_ll_tim.h:3185:22:LL_TIM_ClearFlag_UPDATE	1
../Drivers/STM32F4xx_HAL_Driver/Inc/stm32f4xx_ll_tim.h:3969:22:LL_TIM_GenerateEvent_UPDATE	1
../Core/Src/main.c:76:5:main	2
../Core/Src/main.c:147:6:SystemClock_Config	7
../Core/Src/main.c:202:6:Error_Handler	1
