../Drivers/STM32F4xx_HAL_Driver/Inc/stm32f4xx_ll_tim.h:1116:22:LL_TIM_EnableCounter	16	static
../Drivers/STM32F4xx_HAL_Driver/Inc/stm32f4xx_ll_tim.h:1369:22:LL_TIM_SetCounter	16	static
../Drivers/STM32F4xx_HAL_Driver/Inc/stm32f4xx_ll_tim.h:1612:22:LL_TIM_CC_EnableChannel	16	static
../Drivers/STM32F4xx_HAL_Driver/Inc/stm32f4xx_ll_tim.h:2575:26:LL_TIM_IC_GetCaptureCH1	16	static
../Drivers/STM32F4xx_HAL_Driver/Inc/stm32f4xx_ll_tim.h:2591:26:LL_TIM_IC_GetCaptureCH2	16	static
../Drivers/STM32F4xx_HAL_Driver/Inc/stm32f4xx_ll_tim.h:3185:22:LL_TIM_ClearFlag_UPDATE	16	static
../Drivers/STM32F4xx_HAL_Driver/Inc/stm32f4xx_ll_tim.h:3460:22:LL_TIM_EnableIT_UPDATE	16	static
../Drivers/STM32F4xx_HAL_Driver/Inc/stm32f4xx_ll_tim.h:3969:22:LL_TIM_GenerateEvent_UPDATE	16	static
../Core/Inc/Ease_of_life.h:13:23:LL_GPIO_GetState	16	static
../Core/Src/TimeIntervalVelocity_static.c:41:6:TIVs_Start	8	static
../Core/Src/TimeIntervalVelocity_static.c:61:9:TIVs_TimerOverflowISR	4	static
../Core/Src/TimeIntervalVelocity_static.c:73:23:Are_pin_states_equal	8	static
../Core/Src/TimeIntervalVelocity_static.c:80:16:TIVs_GetSign	16	static
../Core/Src/TimeIntervalVelocity_static.c:95:9:TIVs_CalculateVelocity	32	static
